// Jest Snapshot v1, https://goo.gl/fbAQLP

exports[`should render login 1`] = `
<div
  className="box-layout"
>
  <div
    className="box-layout__box"
  >
    <h1
      className="box-layout__title"
    >
      Boilerplate
    </h1>
    <p
      className="u-margin-bottom-small"
    >
      Tagline here
    </p>
    <button
      className="btn btn--primary"
    >
      Login with Google
    </button>
  </div>
</div>
`;
